Fetching Optics GI document index…
Optics docs with processstage: 110
Manifest accepted docs: 64; dated/eligible: 18
Downloading dated documents…
Download inventory rows: 58
Project ID whitelist size: 5607
Extracting 748615_GI-DPP-2025-ALL_SIS_Ph1_FINAL_v1.0_PUBLIC_20260324.zip__GI_DPP_2025_Cycle_1_SIS_Phase_1_Final_Report.pdf.pdf…
Extracting 730460_GI-DPP-2023-ALL_Ph1_SIS-Report_v1.0_FINAL_PUBLIC_20251203.zip__GI_DPP_2023_Cycle_1_SIS_Phase_1_Final_Report.pdf.pdf…
Extracting 726302_Final_System_Impact_Study_Report-DPP_2021_Cycle_Phase_3_PUBLIC_20251105.pdf.pdf…
Extracting 707921_GI-DPP-2022-Ph1-All-Regions_SIS_Report_R1_PUBLIC_20250715.zip__GI_DPP_2022_Cycle_1_SIS_Phase_1_Final_Report_Rev1.pdf.pdf…
Extracting 704357_GI-DPP-2021_West_Phase_2_System_Impact_Study_Final_Report_20250623_-_PUBLIC.pdf.pdf…
Extracting 570063_GI-DPP-2020-Cycle-ATC-Ph1_System_Impact_Study_Final_PUBLIC_07122021.zip__Final_System_Impact_Study_Report-DPP_2020_Cycle_Phase_1_070821_PUBIC.pdf.pdf…
Extracting 611448_GI-DPP-2020-ITC-Ph1_System_Impact_Study_Final_PUBLIC_12142021.zip__GI_DPP_2020_Cycle1_MI_SIS_Phase_1Report-Final_12132021.pdf.pdf…
Extracting 622660_GI-DPP-2019-West-Phase2_System_Impact_Report_PUBLIC_013122.pdf.pdf…
Extracting 593369_GI-DPP-2020-South-Ph1_System_Impact_Study_Final_PUBLIC_09282021.zip__GI_DPP_2020_Cycle_1_South_SIS_Phase_I_Report.pdf.pdf…
Extracting 596538_GI-DPP-2018-APR-Central_SIS_Phase_II_Report_R05_10122021.pdf.pdf…
Extracting 589199_GI_DPP_2020_West_Phase1_System_Impact_Study_Final_Report_Public_10272021.zip__GI_DPP_2020_West_SIS_Phase_1_Final_Report_Public_102721.pdf.pdf…
Extracting 628190_GI_DPP_2020_West_SIS_Phase_2_Final_Report_Public_11172022.pdf.pdf…
Extracting 684062_GI_DPP_2020_West_Phase_3_System_Impact_Study_Final_Report_Public_04162024.zip__DPP-2020_West_Phase_3_System_Impact_Study_Report.pdf.pdf…
Extracting 391580_GI-DPP-2017-FEB-West-Phase3_System_Impact_Report_PUBLIC.pdf.pdf…
Extracting 394320_GI-DPP-2016-FEB-West-Phase2-Final-Public.pdf.pdf…
Extracting 394321_GI-DPP-2016-FEB-West-Phase3-Final-Public.pdf.pdf…
Extracting 394322_GI-DPP-2016-AUG-West-Phase1-Final-Public.pdf.pdf…
Extracting 394323_GI-DPP-2016-AUG-West-Phase2-Final-Public.pdf.pdf…
Extracting 394324_GI-DPP-2016-AUG-West-Phase3-Final-Public.pdf.pdf…
Extracting 394325_GI-DPP-2016_FEB_West-Phase1-Final-Public.pdf.pdf…
Extracting 392816_GI-DPP-2018-APR-MI-Ph1_System_Impact_Study_v2_FINAL_PUBLIC.zip__GI_DPP_2018_APRIL_MI_SIS_Phase_1_Report-FinalV2.pdf.pdf…
Extracting 404614_GI_DPP_2018_APRIL_Central_SIS_Phase_I_Report_-_FINAL.pdf.pdf…
Extracting 388157_GI-DPP-2017-AUG-West-Phase1_System_Impact_Report_PUBLIC.pdf.pdf…
Extracting 429301_GI_DPP_2016_AUG_West_Area_Restudy_SIS_Addendum_Public.pdf.pdf…
Extracting 429588_GI_DPP_2016_FEB_West_Area_SIS_Second_Addendum_Public_Final.pdf.pdf…
Extracting 433420_GI-DPP-2018-APR-West_Phase1_System_Impact_Report_Public.pdf.pdf…
Extracting 452097_GI-DPP-2018-APR-MI-Ph2_System_Impact_Study_Final_PUBLIC.zip__GI_DPP_2018_APRIL_MI_SIS_Phase_2_Report-V4-Final.pdf.pdf…
Extracting 435259_GI-DPP-2018-APR-ATC-Ph1_System_Impact_Study_Final_PUBLIC.zip__Final_System_Impact_Study_Report-DPP_Apr_18_Phase_1_20191004-PUBLIC.pdf.pdf…
Extracting 470236_GI-DPP-2017-AUG-ATC_Restudy_Final_R1_PUBLIC.zip__Restudy_Addemdum_to_DPP_Aug_17_WI_Phase_3_SIS_20201021_PUBLIC_Final.pdf.pdf…
Extracting 435874_GI-DPP-2016-AUG-West-Phase3-Addendum_Public.pdf.pdf…
Extracting 511211_GI-DPP-2017-AUG-West-Phase2_System_Impact_Report_PUBLIC.pdf.pdf…
Extracting 516686_GI-DPP-2019-Cycle1-MI-Ph1_System_Impact_Study_Final_PUBLIC.zip__GI_DPP_2019_Cycle1_MI_SIS_Phase_1Report-FINAL.pdf.pdf…
Extracting 444887_GI-DPP-2018-APR-ATC-Ph2_System_Impact_Study_Final_PUBLIC.zip__Final_System_Impact_Study_Report-DPP_Apr_18_Phase_2_PUBLIC.pdf.pdf…
Extracting 516961_GI-DPP-2019-Cycle1-ATC-Ph1_System_Impact_Study_Final_PUBLIC.zip__Final_System_Impact_Study_Report-DPP_2019_Cycle_1_Phase_1_20210121_PUBLIC.pdf.pdf…
Extracting 523356_GI-DPP-2018-APR-West-Phase2_System_Impact_Report_Public.pdf.pdf…
Extracting 526221_GI-DPP-2019-Cycle-South-Ph2_System_Impact_Study_Final_PUBLIC.zip__GI_DPP_2019_Cycle_1_South_SIS_Phase_2_Report_Final.pdf.pdf…
Extracting 523268_DPP_2018_APR_West-Central_SPP_Phase2_Final_Report_Public.pdf.pdf…
Extracting 528746_GI-DPP-2019-West-Phase1_System_Impact_Report_PUBLIC.pdf.pdf…
Extracting 530115_DPP-2017-FEB-West-Phase3-SPP-AFS-SIS-Restudy-Public.pdf.pdf…
Extracting 527785_GI_DPP_2018_APRIL_Central_SIS_Phase_II_Report_-_R04.pdf.pdf…
Extracting 538962_GI-DPP-2018-APR-ATC-Ph3_System_Impact_Study_Final_PUBLIC.zip__Final_System_Impact_Study_Report-DPP_Apr_18_Phase_3_20210331_PUBLIC.pdf.pdf…
Extracting 552058_GI-DPP-2017-August-West-Phase3_SIS_Report_Final_Public.zip__GI_DPP_2017_August_West_SIS_Phase_3_Final_Report_Public_210510.pdf.pdf…
Extracting 408680_GI_DPP_2018_APRIL_Central_SIS_Phase_I_Report_-_FINAL_Rev2.pdf.pdf…
Extracting 620153_GI-DPP-2019-Cycle-South-Ph3_System_Impact_Study_Final_PUBLIC.zip__GI_DPP_2019_Cycle_1_South_SIS_Phase_3_Report_Final.pdf.pdf…
Extracting 622921_GI-DPP-2019-ATC-Ph2_System_Impact_Study_Final_PUBLIC.zip__Final_System_Impact_Study_Report-DPP_2019_Cycle_1_Phase_2_PUBLIC.pdf.pdf…
Extracting 622899_GI-DPP-2019-ITC-Ph2_System_Impact_Study_Final_PUBLIC.zip__GI_DPP_2019_Cycle2_MI_SIS_Phase_2_Report_03022022.pdf.pdf…
Extracting 623434_GI_DPP_2019_Central_Phase_II_System_Impact_Study_Report_Final_R03.zip__GI_DPP_2019_Central_Phase_II_System_Impact_Study_Report_Final_R03.pdf.pdf…
Extracting 589572_GI-DPP-2018-Apr-West-Phase3_System_Impact_Study_Final_210614_Public.pdf.pdf…
Extracting 437652_GI-DPP-2018-APR-West_Phase1_System_Impact_Report_Public_Rev.pdf.pdf…
Extracting 315940_GI_DPP_2016_FEB_West_Final_SIS_Addendum_Public.pdf.pdf…
Extracting 366110_GI-DPP_2017-FEB-West_Phase2_System_Impact_Report_Public.pdf.pdf…
{
  "discovered_at": "2026-09-05T05:53:28Z",
  "optics_docs": 110,
  "manifest_docs": 64,
  "download_ok": 51,
  "events": 3046,
  "unique_projects": 1793,
  "unique_report_dates": 42,
  "review_rows": 2,
  "unmatched_rows": 11,
  "gold_merged": false,
  "discovery_api": "https://www.misoenergy.org/api/find/Optics_Models_Find_RemoteHostedContentItem/_search"
}
