=== County year: multi-year popest + FEMA NRI ===
  FEMA NRI counties via ArcGIS: 3232
  popest 2020-2023 rows=12576
  popest 2019 rows=3143
county_year rows=15807 years=[2019, 2020, 2021, 2022, 2023] pop_nonnull=0.994 fema_nonnull=0.994

=== Energy communities ===
  EC coal-closure counties=799
  EC MSA/non-MSA added=579 total=1378
policy_state_date rows=1378

=== Enriched Gold (DPP filtered at join) ===
  study/DPP events for Gold join: 3046
Enriching annual panel...
  DPP gold-eligible events: 1004 / 3046
Enriching current scoring...
  DPP gold-eligible events: 1004 / 3046
enriched annual=9827 current=1038 leakage_candidate_pairs=80468
Wrote /home/kenneth-enow/X-intern_misochallenge/Team-8-XternChallenge-/data/quality_reports/enrichment/enrichment_coverage_report.html
{
  "population": 0.9802584715579525,
  "population_by_observation_year": {
    "2020": 1.0,
    "2021": 0.9968847352024922,
    "2022": 0.9965397923875432,
    "2023": 0.9976033553025764,
    "2024": 0.9863945578231292,
    "2025": 0.9841269841269841,
    "2026": 0.8795761078998073
  },
  "fema_risk_score": 0.9802584715579525,
  "energy_community_eligible": 0.4181337132390353,
  "n_silver_dpp_events": 3046,
  "n_silver_dpp_events_before": 3046,
  "dpp_row_count_unchanged": true,
  "n_gold_eligible_dpp_events": 1004,
  "dpp_event_count_to_date": 0.13981886638852142,
  "study_delay_days": 0.07113055866490282,
  "restudy_count": 0.07113055866490282,
  "network_upgrade_cost": 0.06105627353210542,
  "population_gate_pass": true
}
Wrote /home/kenneth-enow/X-intern_misochallenge/Team-8-XternChallenge-/data/quality_reports/enrichment/panel_solidify_summary.json
